#[derive(Union, Serialize)]
pub enum AwsEc2InstanceSecurityGroupIdsConnections {
    AwsEc2SecurityGroup(AwsEc2SecurityGroup),
    Node(Node),
}
